object Hello extends App { // empty line after declaration NOT appended
  final implicit val a: Long = 0L
  val coucou: Int = { 1 } // do NOT remove curly braces
}
